[ajit-prasad-portfolio.vercel.app/index.html]
[backblue.gif]
[fade.gif]
[index.html]
[ajit-prasad-portfolio.vercel.app/css/style.css]
[cdnjs.cloudflare.com/ajax/libs/font-awesome/5.15.4/css/all.min.css]
[ajit-prasad-portfolio.vercel.app/css/style-switcher.css]
[ajit-prasad-portfolio.vercel.app/images/hero.jpg]
[ajit-prasad-portfolio.vercel.app/images/portfolio/portfolio-1.jpg]
[ajit-prasad-portfolio.vercel.app/images/portfolio/portfolio-2.jpg]
[ajit-prasad-portfolio.vercel.app/images/portfolio/portfolio-3.jpg]
[ajit-prasad-portfolio.vercel.app/images/portfolio/portfolio-4.jpg]
[ajit-prasad-portfolio.vercel.app/images/portfolio/portfolio-5.jpg]
[ajit-prasad-portfolio.vercel.app/images/portfolio/portfolio-6.jpg]
[cdnjs.cloudflare.com/ajax/libs/typed.js/2.0.12/typed.min.js]
[ajit-prasad-portfolio.vercel.app/js/script.js]
[ajit-prasad-portfolio.vercel.app/index.html]
[ajit-prasad-portfolio.vercel.app/css/style.css]
[ajit-prasad-portfolio.vercel.app/css/skins/color-1.css]
[cdnjs.cloudflare.com/ajax/libs/font-awesome/5.15.4/css/all.min.css]
[ajit-prasad-portfolio.vercel.app/css/skins/color-2.css]
[ajit-prasad-portfolio.vercel.app/css/skins/color-3.css]
[ajit-prasad-portfolio.vercel.app/css/skins/color-4.css]
[ajit-prasad-portfolio.vercel.app/css/skins/color-5.css]
[ajit-prasad-portfolio.vercel.app/css/style-switcher.css]
[ajit-prasad-portfolio.vercel.app/js/style-switcher.js]
